<html>
<body>
<pre>
<h1>µVision Build Log</h1>
<h2>Tool Versions:</h2>
IDE-Version: ¦ÌVision V5.35.0.0
Copyright (C) 2021 ARM Ltd and ARM Germany GmbH. All rights reserved.
License Information: F L, C, LIC=KRMW3-AY318-128LE-5Y5UC-PT15K-BM3BM
 
Tool Versions:
Toolchain:       MDK-ARM Plus  Version: 5.35.0.2
Toolchain Path:  D:\Program Files\Keil_v5\ARM\ARMCLANG\Bin
C Compiler:      ArmClang.exe V6.16
Assembler:       Armasm.exe V6.16
Linker/Locator:  ArmLink.exe V6.16
Library Manager: ArmAr.exe V6.16
Hex Converter:   FromElf.exe V6.16
CPU DLL:         SARMCM3.DLL V5.35.0.2
Dialog DLL:      DARMCM1.DLL V1.19.4.0
Target DLL:      STLink\ST-LINKIII-KEIL_SWO.dll V3.0.9.0
Dialog DLL:      TARMCM1.DLL V1.14.4.0
 
<h2>Project:</h2>
E:\HW_DIY\MagicStick\air001-neopixel-hal-IRSEND\air001-neopixel-hal-master\air001_neopixel_hal.uvprojx
Project File Date:  01/13/2025

<h2>Output:</h2>
*** Using Compiler 'V6.16', folder: 'D:\Program Files\Keil_v5\ARM\ARMCLANG\Bin'
Rebuild target 'Target 1'
compiling air001xx_it.c...
compiling main.c...
compiling stm32f1xx_hal_msp.c...
compiling infrared.c...
compiling delay.c...
compiling air001xx_hal.c...
compiling air001xx_hal_adc_ex.c...
compiling air001xx_hal_adc.c...
compiling air001xx_hal_cortex.c...
compiling air001xx_hal_gpio.c...
compiling air001xx_hal_flash.c...
compiling air001xx_hal_pwr.c...
compiling air001xx_hal_pwr_ex.c...
compiling air001xx_hal_rcc_ex.c...
compiling air001xx_hal_rcc.c...
assembling startup_air001_dev.s...
compiling system_air001xx.c...
linking...
Program Size: Code=2892 RO-data=340 RW-data=204 ZI-data=1900  
FromELF: creating hex file...
".\Objects\air001_neopixel_hal.axf" - 0 Error(s), 0 Warning(s).

<h2>Software Packages used:</h2>

Package Vendor: ARM
                http://www.keil.com/pack/ARM.CMSIS.5.8.0.pack
                ARM.CMSIS.5.8.0
                CMSIS (Common Microcontroller Software Interface Standard)
   * Component: CORE Version: 5.5.0

Package Vendor: Keil
                https://luatos.com/t/air001/Keil.AIR001_DFP.1.1.2.pack
                Keil.AIR001_DFP.1.1.2
                AirM2M AIR001 Series Device Support, Drivers
   * Component: Startup Version: 0.0.1

<h2>Collection of Component include folders:</h2>
  .\RTE\_Target_1
  E:\Arm\Packs\ARM\CMSIS\5.8.0\CMSIS\Core\Include
  E:\Arm\Packs\Keil\AIR001_DFP\1.1.2\Device\Include

<h2>Collection of Component Files used:</h2>

   * Component: ARM::CMSIS:CORE:5.5.0

   * Component: Keil::Device:Startup:0.0.1
      Include file:  Device\Include\air001xx.h
      Source file:   Device\Source\ARM\startup_air001_dev.s
      Source file:   Device\Source\system_air001xx.c
Build Time Elapsed:  00:00:05
</pre>
</body>
</html>
